
46. Executing CHECK pass (checking for obvious problems).
checking module core..
Warning: Wire core.\wstrobe [3] is used but has no driver.
Warning: Wire core.\wstrobe [2] is used but has no driver.
Warning: Wire core.\wstrobe [1] is used but has no driver.
Warning: Wire core.\wstrobe [0] is used but has no driver.
Warning: Wire core.\wen is used but has no driver.
Warning: Wire core.\wdata [31] is used but has no driver.
Warning: Wire core.\wdata [30] is used but has no driver.
Warning: Wire core.\wdata [29] is used but has no driver.
Warning: Wire core.\wdata [28] is used but has no driver.
Warning: Wire core.\wdata [27] is used but has no driver.
Warning: Wire core.\wdata [26] is used but has no driver.
Warning: Wire core.\wdata [25] is used but has no driver.
Warning: Wire core.\wdata [24] is used but has no driver.
Warning: Wire core.\wdata [23] is used but has no driver.
Warning: Wire core.\wdata [22] is used but has no driver.
Warning: Wire core.\wdata [21] is used but has no driver.
Warning: Wire core.\wdata [20] is used but has no driver.
Warning: Wire core.\wdata [19] is used but has no driver.
Warning: Wire core.\wdata [18] is used but has no driver.
Warning: Wire core.\wdata [17] is used but has no driver.
Warning: Wire core.\wdata [16] is used but has no driver.
Warning: Wire core.\wdata [15] is used but has no driver.
Warning: Wire core.\wdata [14] is used but has no driver.
Warning: Wire core.\wdata [13] is used but has no driver.
Warning: Wire core.\wdata [12] is used but has no driver.
Warning: Wire core.\wdata [11] is used but has no driver.
Warning: Wire core.\wdata [10] is used but has no driver.
Warning: Wire core.\wdata [9] is used but has no driver.
Warning: Wire core.\wdata [8] is used but has no driver.
Warning: Wire core.\wdata [7] is used but has no driver.
Warning: Wire core.\wdata [6] is used but has no driver.
Warning: Wire core.\wdata [5] is used but has no driver.
Warning: Wire core.\wdata [4] is used but has no driver.
Warning: Wire core.\wdata [3] is used but has no driver.
Warning: Wire core.\wdata [2] is used but has no driver.
Warning: Wire core.\wdata [1] is used but has no driver.
Warning: Wire core.\wdata [0] is used but has no driver.
Warning: Wire core.\ren is used but has no driver.
Warning: Wire core.\pc [31] is used but has no driver.
Warning: Wire core.\pc [30] is used but has no driver.
Warning: Wire core.\pc [29] is used but has no driver.
Warning: Wire core.\pc [28] is used but has no driver.
Warning: Wire core.\pc [27] is used but has no driver.
Warning: Wire core.\pc [26] is used but has no driver.
Warning: Wire core.\pc [25] is used but has no driver.
Warning: Wire core.\pc [24] is used but has no driver.
Warning: Wire core.\pc [23] is used but has no driver.
Warning: Wire core.\pc [22] is used but has no driver.
Warning: Wire core.\pc [21] is used but has no driver.
Warning: Wire core.\pc [20] is used but has no driver.
Warning: Wire core.\pc [19] is used but has no driver.
Warning: Wire core.\pc [18] is used but has no driver.
Warning: Wire core.\pc [17] is used but has no driver.
Warning: Wire core.\pc [16] is used but has no driver.
Warning: Wire core.\pc [15] is used but has no driver.
Warning: Wire core.\pc [14] is used but has no driver.
Warning: Wire core.\pc [13] is used but has no driver.
Warning: Wire core.\pc [12] is used but has no driver.
Warning: Wire core.\pc [11] is used but has no driver.
Warning: Wire core.\pc [10] is used but has no driver.
Warning: Wire core.\pc [9] is used but has no driver.
Warning: Wire core.\pc [8] is used but has no driver.
Warning: Wire core.\pc [7] is used but has no driver.
Warning: Wire core.\pc [6] is used but has no driver.
Warning: Wire core.\pc [5] is used but has no driver.
Warning: Wire core.\pc [4] is used but has no driver.
Warning: Wire core.\pc [3] is used but has no driver.
Warning: Wire core.\pc [2] is used but has no driver.
Warning: Wire core.\pc [1] is used but has no driver.
Warning: Wire core.\pc [0] is used but has no driver.
Warning: Wire core.\data_address [31] is used but has no driver.
Warning: Wire core.\data_address [30] is used but has no driver.
Warning: Wire core.\data_address [29] is used but has no driver.
Warning: Wire core.\data_address [28] is used but has no driver.
Warning: Wire core.\data_address [27] is used but has no driver.
Warning: Wire core.\data_address [26] is used but has no driver.
Warning: Wire core.\data_address [25] is used but has no driver.
Warning: Wire core.\data_address [24] is used but has no driver.
Warning: Wire core.\data_address [23] is used but has no driver.
Warning: Wire core.\data_address [22] is used but has no driver.
Warning: Wire core.\data_address [21] is used but has no driver.
Warning: Wire core.\data_address [20] is used but has no driver.
Warning: Wire core.\data_address [19] is used but has no driver.
Warning: Wire core.\data_address [18] is used but has no driver.
Warning: Wire core.\data_address [17] is used but has no driver.
Warning: Wire core.\data_address [16] is used but has no driver.
Warning: Wire core.\data_address [15] is used but has no driver.
Warning: Wire core.\data_address [14] is used but has no driver.
Warning: Wire core.\data_address [13] is used but has no driver.
Warning: Wire core.\data_address [12] is used but has no driver.
Warning: Wire core.\data_address [11] is used but has no driver.
Warning: Wire core.\data_address [10] is used but has no driver.
Warning: Wire core.\data_address [9] is used but has no driver.
Warning: Wire core.\data_address [8] is used but has no driver.
Warning: Wire core.\data_address [7] is used but has no driver.
Warning: Wire core.\data_address [6] is used but has no driver.
Warning: Wire core.\data_address [5] is used but has no driver.
Warning: Wire core.\data_address [4] is used but has no driver.
Warning: Wire core.\data_address [3] is used but has no driver.
Warning: Wire core.\data_address [2] is used but has no driver.
Warning: Wire core.\data_address [1] is used but has no driver.
Warning: Wire core.\data_address [0] is used but has no driver.
found and reported 102 problems.
